------- FILE zoop_data.h LEVEL 1 PASS 2
      1  00a1 ????			   AddBlockTimers
      2  00a1 ????	       15		      .byte.b	#21
      3  00a1 ????	       12		      .byte.b	#18
      4  00a2 ????	       0f		      .byte.b	#15
      5  00a3 ????	       0f		      .byte.b	#15
      6  00a4 ????	       0c		      .byte.b	#12
      7  00a5 ????	       0c		      .byte.b	#12
      8  00a6 ????	       06		      .byte.b	#6
      9  00a7 ????			   Colors
     10  00a7 ????	       00		      .byte.b	#CONS_COLOR_RED
     11  00a8 ????	       00		      .byte.b	#CONS_COLOR_ORANGE
     12  00a9 ????	       00		      .byte.b	#CONS_COLOR_YELLOW
     13  00aa ????	       00		      .byte.b	#CONS_COLOR_GREEN
     14  00ab ????	       00		      .byte.b	#CONS_COLOR_BLUE
     15  00ac ????	       00		      .byte.b	#CONS_COLOR_PURPLE
     16  00ad ????			   PlayerZone_Colors
     17  00ad ????	       00		      .byte.b	#CONS_PLAYERZONE_ACTION
     18  00ae ????	       00		      .byte.b	#CONS_PLAYERZONE_NOACT
     19  00af ????	       00		      .byte.b	#CONS_PLAYERZONE_ACTION
     20  00b0 ????			   PlayerColMemAddresses
     21  00b0 ????	       00		      .byte.b	BlockQueue_Top_0
     22  00b1 ????	       00		      .byte.b	BlockQueue_Top_1
     23  00b2 ????	       00		      .byte.b	BlockQueue_Top_2
     24  00b3 ????	       00		      .byte.b	BlockQueue_Top_3
     25  00b4 ????	       00		      .byte.b	BlockQueue_Top_4
     26  00b5 ????	       00		      .byte.b	BlockQueue_Bot_0
     27  00b6 ????	       00		      .byte.b	BlockQueue_Bot_1
     28  00b7 ????	       00		      .byte.b	BlockQueue_Bot_2
     29  00b8 ????	       00		      .byte.b	BlockQueue_Bot_3
     30  00b9 ????	       00		      .byte.b	BlockQueue_Bot_4
     31  00ba ????						;;;;;;;;;;;;;;;;;;;;;;;
     32  00ba ????			   PlayerPositions_Columns
     33  00ba ????	       2d		      .byte.b	#$2D
     34  00bb ????	       41		      .byte.b	#$41
     35  00bc ????	       55		      .byte.b	#$55
     36  00bd ????	       69		      .byte.b	#$69
     37  00be ????	       7d		      .byte.b	#$7D
     38  00bf ????	       7d		      .byte.b	#$7D
     39  00c0 ????						;;;;;;;;;;;;;;;;;;;;;;;
     40  00c0 ????			   Sounds_AUDC0
     41  00c0 ????	       00		      .byte.b	#00
     42  00c1 ????	       0c		      .byte.b	#12
     43  00c2 ????	       0c		      .byte.b	#12
     44  00c3 ????	       0f		      .byte.b	#15
     45  00c4 ????	       0c		      .byte.b	#12
     46  00c5 ????			   Sounds_AUDF0
     47  00c5 ????	       00		      .byte.b	#00
     48  00c6 ????	       14		      .byte.b	#20
     49  00c7 ????	       1e		      .byte.b	#30
     50  00c8 ????	       1e		      .byte.b	#30
     51  00c9 ????	       1e		      .byte.b	#30
     52  00ca ????			   Sounds_AUDV0
     53  00ca ????	       00		      .byte.b	#0
     54  00cb ????	       05		      .byte.b	#5
     55  00cc ????	       05		      .byte.b	#5
     56  00cd ????	       05		      .byte.b	#5
     57  00ce ????	       05		      .byte.b	#5
     58  00cf ????						;;;;;;;;;;;;;;;;;;;;;;;
     59  00cf ????			   Minus_Sign
     60  00cf ????	       00		      .byte.b	#%00000000
     61  00d0 ????	       00		      .byte.b	#%00000000
     62  00d1 ????	       00		      .byte.b	#%00000000
     63  00d2 ????	       00		      .byte.b	#%00000000
     64  00d3 ????	       ff		      .byte.b	#%11111111
     65  00d4 ????	       00		      .byte.b	#%00000000
     66  00d5 ????	       00		      .byte.b	#%00000000
     67  00d6 ????						;;;;;;;;;;;;;;;;;;;;;;; 
     68  00d6 ????			   Score_Numbers
     69  00d6 ????						; ---- 00
     70  00d6 ????	       ff		      .byte.b	#%11111111
     71  00d7 ????	       e3		      .byte.b	#%11100011
     72  00d8 ????	       e3		      .byte.b	#%11100011
     73  00d9 ????	       e3		      .byte.b	#%11100011
     74  00da ????	       e3		      .byte.b	#%11100011
     75  00db ????	       ff		      .byte.b	#%11111111
     76  00dc ????						; ---- 11
     77  00dc ????	       ff		      .byte.b	#%11111111
     78  00dd ????	       1c		      .byte.b	#%00011100
     79  00de ????	       1c		      .byte.b	#%00011100
     80  00df ????	       1c		      .byte.b	#%00011100
     81  00e0 ????	       dc		      .byte.b	#%11011100
     82  00e1 ????	       7c		      .byte.b	#%01111100
     83  00e2 ????						; ---- 22
     84  00e2 ????	       fe		      .byte.b	#%11111110
     85  00e3 ????	       e0		      .byte.b	#%11100000
     86  00e4 ????	       38		      .byte.b	#%00111000
     87  00e5 ????	       0e		      .byte.b	#%00001110
     88  00e6 ????	       e6		      .byte.b	#%11100110
     89  00e7 ????	       7c		      .byte.b	#%01111100
     90  00e8 ????						; ---- 33
     91  00e8 ????	       7c		      .byte.b	#%01111100
     92  00e9 ????	       e3		      .byte.b	#%11100011
     93  00ea ????	       0e		      .byte.b	#%00001110
     94  00eb ????	       0e		      .byte.b	#%00001110
     95  00ec ????	       e3		      .byte.b	#%11100011
     96  00ed ????	       7c		      .byte.b	#%01111100
     97  00ee ????						; ---- 44
     98  00ee ????	       0e		      .byte.b	#%00001110
     99  00ef ????	       0e		      .byte.b	#%00001110
    100  00f0 ????	       0e		      .byte.b	#%00001110
    101  00f1 ????	       ff		      .byte.b	#%11111111
    102  00f2 ????	       ce		      .byte.b	#%11001110
    103  00f3 ????	       ce		      .byte.b	#%11001110
    104  00f4 ????						; ---- 55
    105  00f4 ????	       ff		      .byte.b	#%11111111
    106  00f5 ????	       03		      .byte.b	#%00000011
    107  00f6 ????	       1f		      .byte.b	#%00011111
    108  00f7 ????	       e0		      .byte.b	#%11100000
    109  00f8 ????	       e0		      .byte.b	#%11100000
    110  00f9 ????	       ff		      .byte.b	#%11111111
    111  00fa ????						; ---- 66
    112  00fa ????	       ff		      .byte.b	#%11111111
    113  00fb ????	       e3		      .byte.b	#%11100011
    114  00fc ????	       ff		      .byte.b	#%11111111
    115  00fd ????	       e0		      .byte.b	#%11100000
    116  00fe ????	       e0		      .byte.b	#%11100000
    117  00ff ????	       ff		      .byte.b	#%11111111
    118  0100 ????						; ---- 77
    119  0100 ????	       18		      .byte.b	#%00011000
    120  0101 ????	       18		      .byte.b	#%00011000
    121  0102 ????	       18		      .byte.b	#%00011000
    122  0103 ????	       07		      .byte.b	#%00000111
    123  0104 ????	       07		      .byte.b	#%00000111
    124  0105 ????	       ff		      .byte.b	#%11111111
    125  0106 ????						; ---- 88
    126  0106 ????	       ff		      .byte.b	#%11111111
    127  0107 ????	       c3		      .byte.b	#%11000011
    128  0108 ????	       e7		      .byte.b	#%11100111
    129  0109 ????	       ff		      .byte.b	#%11111111
    130  010a ????	       c3		      .byte.b	#%11000011
    131  010b ????	       ff		      .byte.b	#%11111111
    132  010c ????						; ---- 99
    133  010c ????	       07		      .byte.b	#%00000111
    134  010d ????	       07		      .byte.b	#%00000111
    135  010e ????	       ff		      .byte.b	#%11111111
    136  010f ????	       c7		      .byte.b	#%11000111
    137  0110 ????	       c7		      .byte.b	#%11000111
    138  0111 ????	       ff		      .byte.b	#%11111111
    139  0112 ????						;;;;;;;;;;;;;;;;;;;;;;; 
    140  0112 ????			   Title_Screen_PF1_LEFT
    141  0112 ????	       7e		      .byte.b	#%01111110
    142  0113 ????	       62		      .byte.b	#%01100010
    143  0114 ????	       30		      .byte.b	#%00110000
    144  0115 ????	       0c		      .byte.b	#%00001100
    145  0116 ????	       46		      .byte.b	#%01000110
    146  0117 ????	       7e		      .byte.b	#%01111110
    147  0118 ????			   Title_Screen_PF1_RIGHT
    148  0118 ????	       03		      .byte.b	#%00000011
    149  0119 ????	       06		      .byte.b	#%00000110
    150  011a ????	       06		      .byte.b	#%00000110
    151  011b ????	       7e		      .byte.b	#%01111110
    152  011c ????	       66		      .byte.b	#%01100110
    153  011d ????	       7e		      .byte.b	#%01111110
    154  011e ????			   Title_Screen_PF2_LEFT
    155  011e ????	       7e		      .byte.b	#%01111110
    156  011f ????	       66		      .byte.b	#%01100110
    157  0120 ????	       66		      .byte.b	#%01100110
    158  0121 ????	       66		      .byte.b	#%01100110
    159  0122 ????	       66		      .byte.b	#%01100110
    160  0123 ????	       7e		      .byte.b	#%01111110
    161  0124 ????			   Title_Screen_Option1_Sprite1
    162  0124 ????	       ee		      .byte.b	#%11101110
    163  0125 ????	       88		      .byte.b	#%10001000
    164  0126 ????	       8e		      .byte.b	#%10001110
    165  0127 ????	       88		      .byte.b	#%10001000
    166  0128 ????	       8e		      .byte.b	#%10001110
    167  0129 ????			   Title_Screen_Option1_Sprite2
    168  0129 ????	       4e		      .byte.b	#%01001110
    169  012a ????	       a8		      .byte.b	#%10101000
    170  012b ????	       ae		      .byte.b	#%10101110
    171  012c ????	       a8		      .byte.b	#%10101000
    172  012d ????	       ae		      .byte.b	#%10101110
    173  012e ????			   Title_Screen_Option1_Sprite3
    174  012e ????	       e0		      .byte.b	#%11100000
    175  012f ????	       88		      .byte.b	#%10001000
    176  0130 ????	       80		      .byte.b	#%10000000
    177  0131 ????	       88		      .byte.b	#%10001000
    178  0132 ????	       80		      .byte.b	#%10000000
    179  0133 ????						;;;;;;;;;;;;;;;;;;;;;;;;;;;;;;;
    180  0133 ????			   Title_Screen_Option2_Sprite1
    181  0133 ????	       ce		      .byte.b	#%11001110
    182  0134 ????	       a8		      .byte.b	#%10101000
    183  0135 ????	       c8		      .byte.b	#%11001000
    184  0136 ????	       a8		      .byte.b	#%10101000
    185  0137 ????	       c8		      .byte.b	#%11001000
    186  0138 ????			   Title_Screen_Option2_Sprite2
    187  0138 ????	       ee		      .byte.b	#%11101110
    188  0139 ????	       a8		      .byte.b	#%10101000
    189  013a ????	       a8		      .byte.b	#%10101000
    190  013b ????	       a8		      .byte.b	#%10101000
    191  013c ????	       ee		      .byte.b	#%11101110
    192  013d ????			   Title_Screen_Option2_Sprite3
    193  013d ????	       e0		      .byte.b	#%11100000
    194  013e ????	       28		      .byte.b	#%00101000
    195  013f ????	       e0		      .byte.b	#%11100000
    196  0140 ????	       88		      .byte.b	#%10001000
    197  0141 ????	       e0		      .byte.b	#%11100000
